// Bun Snapshot v1, https://goo.gl/fbAQLP

exports[`should add existing package 1`] = `
""foo@file:../":
  version "0.0.1"
"
`;

exports[`should add dependency with capital letters 1`] = `
"BaR@^0.0.2:
  version "0.0.2"
  resolved "localhost/BaR-0.0.2.tgz"
"
`;

exports[`should add dependency with specified semver 1`] = `
"baz@~0.0.2:
  version "0.0.3"
  resolved "localhost/baz-0.0.3.tgz"
"
`;

exports[`should add dependency alongside workspaces 1`] = `
"bar@packages/bar:
  version "0.0.2"
  resolved "workspace:packages/bar"

baz@^0.0.3:
  version "0.0.3"
  resolved "localhost/baz-0.0.3.tgz"
"
`;

exports[`should add aliased dependency (GitHub) 1`] = `
"uglify@mishoo/UglifyJS#v3.14.1:
  version "3.14.1"
  resolved "github:mishoo/UglifyJS#e219a9a"
"
`;
